// 重构日志: 802a7b7c
// 重构日志: 746ab486
// 同步 ID: 0cc502c2 @ Sat Jul 25 18:28:59 UTC 2026
// 重构日志: f6de8d1c
// 重构日志: df6b84e7
// 重构日志: a5a79a42
// 同步 ID: 78cf8ed3 @ Sun Jul 26 18:17:50 UTC 2026
// 重构日志: 3dba0492
// 同步 ID: 1f75d428 @ Mon Jul 27 13:39:11 UTC 2026
// 同步 ID: c16af22f @ Tue Jul 28 04:20:34 UTC 2026
// 重构日志: 59c054ed
// 同步 ID: 7165244d @ Thu Jul 30 11:00:37 UTC 2026
// 同步 ID: 099aad28 @ Thu Jul 30 15:09:13 UTC 2026
// 同步 ID: e7214bbc @ Fri Jul 31 22:23:12 UTC 2026
// 重构日志: 57ec25c0
// 重构日志: 8c2b4b41
// 重构日志: 729bf6de
// 重构日志: a47765e5
// 重构日志: 1fb1cce4
// 重构日志: 9a45fa46
// 重构日志: 439cf451
// 重构日志: 18e36086
// 重构日志: aa4cfef4
// 重构日志: 3b24eb7d
// 同步 ID: 7c445f7f @ Wed Aug  5 15:46:31 UTC 2026
// 同步 ID: 7bb2df95 @ Thu Aug  6 05:06:33 UTC 2026
// 同步 ID: 44eaeda0 @ Thu Aug  6 11:24:18 UTC 2026
// 重构日志: 357dc158
// 重构日志: 8b90d699
// 同步 ID: 9e7b7be4 @ Fri Aug  7 10:36:38 UTC 2026
// 重构日志: f3336d4e
// 重构日志: 1588c435
// 重构日志: 5b2bd6b7
// 重构日志: 669fcc51
// 重构日志: 619229f3
// 重构日志: ef1f2005
